================================================================
[QNX INT32 KERNEL IO SNIFFER ACTIVE] Start Timestamp: 2026-09-27T18:46:23.006Z
================================================================

  ├── [BUS_INTENT] 0x00A2 | TargetSlot: 9 | OriginSlot: 0 | Payload: 3145936
  ├── [BUS_INTENT] 0x00B5 | TargetSlot: 1 | OriginSlot: 0 | Payload: 0
  └── [TTY_FLUSH_FRAME] Physical Buffer Sent to stdout: 92888 bytes
  ├── [BUS_INTENT] 0x011D | TargetSlot: 106 | OriginSlot: 0 | Payload: 12
  └── [TTY_FLUSH_FRAME] Physical Buffer Sent to stdout: 102173 bytes
  ├── [BUS_INTENT] 0x00A2 | TargetSlot: 9 | OriginSlot: 0 | Payload: 1966234
  └── [TTY_FLUSH_FRAME] Physical Buffer Sent to stdout: 48992 bytes
  ├── [BUS_INTENT] 0x00B5 | TargetSlot: 1 | OriginSlot: 4 | Payload: 0
  └── [TTY_FLUSH_FRAME] Physical Buffer Sent to stdout: 663 bytes
  ├── [BUS_INTENT] 0x00B5 | TargetSlot: 1 | OriginSlot: 4 | Payload: 0
  └── [TTY_FLUSH_FRAME] Physical Buffer Sent to stdout: 673 bytes
  ├── [BUS_INTENT] 0x00B5 | TargetSlot: 1 | OriginSlot: 4 | Payload: 0
  └── [TTY_FLUSH_FRAME] Physical Buffer Sent to stdout: 341 bytes
  ├── [BUS_INTENT] 0x00B5 | TargetSlot: 1 | OriginSlot: 4 | Payload: 0
  └── [TTY_FLUSH_FRAME] Physical Buffer Sent to stdout: 1608 bytes
  ├── [BUS_INTENT] 0x00B5 | TargetSlot: 1 | OriginSlot: 4 | Payload: 0
  └── [TTY_FLUSH_FRAME] Physical Buffer Sent to stdout: 342 bytes
  ├── [BUS_INTENT] 0x00B5 | TargetSlot: 1 | OriginSlot: 4 | Payload: 0
  └── [TTY_FLUSH_FRAME] Physical Buffer Sent to stdout: 683 bytes
  ├── [BUS_INTENT] 0x00B5 | TargetSlot: 1 | OriginSlot: 4 | Payload: 0
  └── [TTY_FLUSH_FRAME] Physical Buffer Sent to stdout: 673 bytes
  ├── [BUS_INTENT] 0x00B5 | TargetSlot: 1 | OriginSlot: 4 | Payload: 0
  └── [TTY_FLUSH_FRAME] Physical Buffer Sent to stdout: 673 bytes
  ├── [BUS_INTENT] 0x00B5 | TargetSlot: 1 | OriginSlot: 4 | Payload: 0
  └── [TTY_FLUSH_FRAME] Physical Buffer Sent to stdout: 673 bytes
  ├── [BUS_INTENT] 0x00B5 | TargetSlot: 1 | OriginSlot: 4 | Payload: 0
  └── [TTY_FLUSH_FRAME] Physical Buffer Sent to stdout: 673 bytes
  ├── [BUS_INTENT] 0x00A2 | TargetSlot: 9 | OriginSlot: 0 | Payload: 3145936
  └── [TTY_FLUSH_FRAME] Physical Buffer Sent to stdout: 104161 bytes
